Ааре
Аахен
Абадан
Абаза
Абай
Абай
Абакан
Абакум
Аба
Абвер
Абдулла
Абердин
Аберзее
Абиджан
Абинск
Абрам
Абрамцево
Абрау-Дюрсо
Абрахам
Абхазия
Абый
Аввакум
Августина
Августин
Авель
Авраам
Аврелия
Аври
Аврора
Австралия
Австрия
Австро-Венгрия
АвтоВАЗ
Автодок
Агата
Агвали
Аглая
Агнесса
Адам
Адам
Ада
Аделина
Адель
Аджария
Ади
Адлер
Адольф
Адриан
Адыгея
Азат
Азгат
Азербайджан
Азия
Азов
Аида
Айболит
Айгерим
Айгуль
Айгуль
Айгунь
Айгюн
Айдахо
Айнажи
Айнур
Айова
Айпад
Айрин
Ай
Айфон
Айфон
Айя-Напа
Акакий
Ак-довурак
Акмая
Аксарайский
Аксарка
Аксинья
Аксян
Актау
Ак-Чишма
Алабама
Алания
Алан
Алан
Алахадзы
Албания
Алеко
Александра
Александр
Алекса
Алексей
Алекс
Алеша
Алёна
Алёша
Алжир
Алибаба
Алик
Алина
Алиса
Алисия
Алис-Спрингс
Али
Алия
Аллаки
Аллан
Алла
Аллах
Аллен
Алма-ата
Алма-аты
Алмаз
Алматы
Алмондсбери
Алтай
Алупка
Алушта
Альберта
Альберто
Альберт
Альберт
Альбина
Альбукерке
Альметьевск
Альпы
Альтаир
Альфа
Альфия
Альфонс
Альфред
Альфред
Альянс
Аляска
Аля
Амалия
Амальфи
Амга
Америка
Амзя
Амка
Амстердам
Ам
Анадырь
Анапа
Анара
Анастасия
Анатолий
Анатолия
Ана
Ангалло
Ангара
Ангарск
Ангела
Ангела
Ангелина
Ангелов
Англия
Ангола
Андалузия
Андалусия
Андерсон
Анджело
Андорра
Андреаполь
Андреас
Андреа
Андреевна
Андреиха
Андрей
Андре
Андроид
Андромеда
Андрус
Андрюха
Анжела
Анжела
Анжелика
Анжелина
Анита
Анкара
Анка
Анна
Аннета
Аннет
Анника
Аннушка
Анре
Анри
Анталия
Антарктида
Антарктика
Антигуа
Антоний
Антонина
Антонио
Антония
Антон
Антуан
Анчисхати
Анька
Анюта
Аня
Апатиты
Аполлон
Апрелевка
Арабелла
Аравия
Аракуль
Арарат
Арбаж
Арбат
Аргентина
Аргос
Арест
Арзамас
Ариадна
Аризона
Арина
Аристарх
Аристотель
Аркадий
Аркадия
Аркаим
Арканзас
Арктика
Аркуль
Арлен
Армавир
Арман
Армения
Армине
Арни
Арнольд
Арно
Арсений
Арсен
Артемида
Артемий
Артём
Артём
Арти
Артур
Архангельск
Архара
Аршань
Асият
Аскольд
Аслан
Астана
Астрахань
Ася
Атланта
Атлантида
Атлантика
Атос
Аттила
Ауди
Аура
Ауто-да-фе
Афанасий
Афганистан
Афган
Афина
Афины
Африка
Афродита
Ахмед
Ахтуба
Ачинск
Аэлита
АЭС
Аяз
Аяччо
Аяччо
Бабадаг
Баба-Дурмаз
Бабаиха
Бабугент
Бавария
Бавлены
Багамы
Багратионовск
Бадахос
Баден-Баден
Бад-Тацмансдорф
Бадхыз
Байкал
Байконур
Байрон
Бай-Хаак
Баку
Балаклава
Балаклея
Балаково
Баланово
Балашиха
Бали
Балканы
Балтаси
Балтийск
Балтимор
Бангкок
Бангладеш
Барабель
Барак
Барбадос
Барбара
Барби
Бардеёв
Бари
Барнаул
Барри
Барселона
Бастилия
Батайск
Батуми
Батый
Батырева
Бахрейн
Бахыт
Бахыт
Баян
Бежецк
Безенчук
Бейонсе
Бейрут
Беларусь
Белгород
Белебей
Белек
Белёв
Белз
Беливо
Белиз
Белинский
Белитено
Белла
Белогорск
Белокуриха
Беломорканал
Беломорск
Белорецкий
Белорецк
Белоруссия
Белоснежка
Белоусов
Белоярский
Белоярск
Бельгия
Бельско
Бельцы
Бенджамин
Бенедикт
Бенин
Бени-Суэйф
Бентли
Бердск
Бердюжье
Береговое
Бережаны
Березники
Беркли
Берлин
Бермуды
Бернард
Бернард
Бернар
Бернли
Берн
Берта
Берти
Бессарабия
Бетти
Бет
Бёрёлёх
Бибирево
Бийск
Билли
Билл
Бильбао
Бим
Бирма
Бирмингем
Биробиджан
Бирюлёво
Битлы
Бишкек
Бишкинь
Бишкинь
Благовещенск
Блетчли
Блокли
Блэкби
Блэкби
Блэк-Хилс
Бобби
Боб
Богдана
Богдан
Бодайбо
Боинг
Болгария
Боливия
Бологое
Болонь
Болонья
Бонни
Бордо
Борзя
Борисоглебск
Борис
Борнмут
Боровск
Борогонцы
Бородино
Босния
Бостон
Ботли
Ботлих
Ботсвана
Ботучаны
Бразилия
Браилов
Брайан
Брайан
Братислава
Братск
Бреды
Бренда
Бренди
Брент
Британия
Брно
Бромли
Бромсгроув
Бронницы
Бруклин
Бруней
Бруно
Брэд
Брюссель
Брюс
Брянск
Бугульма
Будапешт
Будённовск
Буйнакск
Буки
Булат
Бурасы
Буратино
Бурен-Бай-Хаак
Буркина-Фасо
Бурла
Бурли
Бурятия
Бухара
Бухарест
Бучач
Бушмено
Буэнос-Айрес
быстро
Бытошь
Бэла
Бэлла
Вагнер
Вадик
Вадим
Вайоминг
Вайс
Валаам
Валаам
Валентина
Валентин
Валера
Валерий
Валерия
Валива
Валуйки
Вальдемар
Вальтер
Ванда
Ванкувер
Ванька
Ваня
Варвара
Варшава
Варька
Варя
Василий
Василиса
Вася
Вахруши
Вацлав
Вашингтон
Ведомости
Вектор
Великобритания
Велья
Венгрия
Венди
Венера
Венера
Венесуэла
Венеция
Вениамин
Вера
Верея
Вермонт
Вернер
Вероника
Вероника
Версаль
Верхнеуральск
Верховажье
Верховина
Верхотурье
Ветлужский
Вёшенская
Видин
Видное
Викарий
Википедия
Викисловарь
Викитека
Вики
Виктория
Виктор
Вилли
Виллози
Виллози
Вилл
Вильгельм
Вильнюс
Вильям
Винзили
Винярки
Виргиния
Вирджиния
Висконсин
Вислава
Виталий
Витальевна
Вита
Витино
Вит
Витязь
Витя
Вишера
ВКонтакте
Влада
Владивосток
Владикавказ
Владик
Владимир-Волынский
Владимир
Владислав
Влад
Власиха
Властелина
Внуково
Вова
Водоканал
Вожаёль
Волга
Волгоград
Волгодонск
Волгореченск
Вологда
Володя
Волоколамск
Волхов
Вольво
Вольск
Вольфганг
Вольф
Воркута
Воронеж
Вороново
Всеволод
Всеслав
Вурнары
Выборг
Выкса
Вытегра
Вычегда
Вышгород
Вьетнам
Вязники
Вязьма
Вячеслав
Гаага
Гавайи
Гавана
Гавриил
Гаврила
Гаврилов
Гаити
Гай
Галина
Галич
Галя
Гамлет
Ганза
Ганна
Ганнибал
Ганс
Гарик
Гари
Гарольд
Гаррисон
Гаррис
Гарри
Гаспра
Гатчина
Гваделупа
Гватемала
Гвинея
Гдов
Гедеон
Гектор
Геленджик
Гельсингфорс
Гена
Геннадий
Генриетта
Генрих
Генуя
Георгий
Георг
Геракл
Герберт
Герда
Германия
Герман
Гермес
Герта
Герт
Герцеговина
Герц
Гжель
Гибралтар
Гималаи
Гита
Гладковщина
Глазго
Глебовское
Глеб
Глогув
ГЛОНАСС
Глория
Глухарёв
Говард
Гога
Голицыно
Голландия
Голливуд
Гомель
Гондурас
Гонконг
Гораций
Гордон
Горно-Алтайск
Горький
Госдеп
Госдума
Гостомель
Гоша
Грайворон
Грамотеино
Грац
Грегори
Грег
Грейс
Гренландия
Грета
Гретхен
Греция
Григорий
Григория
Гринпис
Гриша
Гродно
Грозный
Грузия
Гуам
Гузель
Гузель
ГУИН
Гуляй-поле
Гурзуф
Густав
Густомой
Гусь-Железный
Гусь-Хрустальный
Гусятников
ГУФСИН
ГЭС
Гюльчатай
Давид-Городок
Давид
Давлет
Дагестан
Даламан
Дали
Даллас
Далмация
Далянь
Дамаск
Дамир
Дана
Данбери
Даниел
Даниель
Даниил
Данила
Данилов
Данило
Даниэль
Дания
Данков
Дарий
Дарина
Дармштадт
Дарья
Даугавпилс
Даша
Двуречье
Дебби
Дебёсы
Делавэр
Дели
Демид
Демосфен
Демьян
Денвер
Денем
Дениз
Денис
Денни
Ден
Дербент
Дерек
Детройт
Джава
Джакомо
Джамбулат
Джанет
Джафар
Джейд
Джейк
Джеймс
Джейн
Джейсон
Джексон
Дженифер
Дженни
Дженнифер
Джеральд
Джером
Джерри
Джессика
Джесси
Джеф
Джеффри
Джефф
Джибути
Джилл
Джима
Джим
Джина
Джоанна
Джоан
Джозеф
Джонатан
Джонни
Джонсон
Джонс
Джон
Джорджия
Джордж
Джошуа
Джудит
Джуди
Джузеппе
Джули
Джулия
Джульетта
Джун
Джэксонвилл
Дзержинск
Диана
Диего
Дилан
Дилия
Диллан
Диллон
Дима
Димитрий
Димитровград
Дим
Дина
Дионис
Дисли
Диснейленд
Дисней
Дмитриев
Дмитрий
Дмитров
Днепродзержинск
Днепропетровск
Днепр
Добрыня
Дойч-Кальтенбрун
Дойч-Шютцен-Айзенберг
Долгопрудный
Долорес
Доминик
Домодедово
Дональд
Донбасс
Донецк
Донна
Дон
Дора
Дорис
Дороти
Дорсет
Дракула
Дрезден
Дрезна
Дубай
Дублин
Дубна
Дубно
Дубно
Дубровка
Дуванкуль
Дуглас
Дуня
Духовщина
Душанбе
Дэвид
Дэвис
Дэйв
Дэниел
Дэнни
Дэн
Дэу
Дюртюли
Дюссельдорф
Дятьково
Ева
Евгений
Евгения
Евклид
Евпатий
Евпатория
Евразия
Евровидение
Еврокомиссия
Евромайдан
Евронет
Евроньюс
Европа
Евросеть
Евросовет
Евросоюз
Египет
Егла
Егор
Егорьевск
Ейск
Екатерина
Екатеринбург
Елабуга
Елань-Коленовский
Елань
Елена
Елизавета
Елисей
Еманжелинск
Емеля
Енисей
Ереван
Ермак
Ернур
Ефим
Жак
Жанат
Жан-Клод
Жанна
Жан
Жасмина
Женева
Женя
Женя
Жозефина
Жора
Жорж
Жостово
Жуковский
Жюль
Жюстина
Забава
Забайкалье
Заборово
Заводское
Закубежье
Залина
Зальцбург
Замленье
Замоскворечье
Заозёрное
Заплюсье
Заполярпромгражданстрой
Запорожье
Зара
Заречье
Зарина
Заубер
Захария
Захар
Звенигород
Зеландия
Зеленогорск
Земляничное
Зея
Зимбабве
Зинаида
Зина
Зинка
Зиновий
Злата
Златоуст
Злынка
Знаменка
Знобь-Новгородское
Золушка
Зося
Зоя
Зубен
Зугдиди
Зугрэс
Зюраткуль
Ибрагим
Ибреси
Иванков
Иванко
Иваново
Иван
Ивдель
Игнатий
Игнат
Игорь
Ида
Идель
Иегова
Иероним
Иерусалим
Ижевск
Изабелла
Изабель
Износки
Израиль
Изяслав
Изя
Иисус
Икша
Илек
Илларион
Иллинойс
Ильдан
Илья
Иммануил
Инвернесс
Инга
Ингрид
Ингушетия
Индианаполис
Индиана
Индия
Индонезия
Инесса
Инна
Иннокентий
Инсбрук
Инской
Инстаграм
Инта
Интерфакс
Иоанна
Иоанн
Иоганна
Иоганн
Иоланда
Иона
Иордан
Иосиф
Ипполит
Ираёль
Ирак
Иран
Ира
Ирена
Ирен
Ирина
Иркутск
Иркут
Ирландия
Иртыш
Ирэн
Исаак
Исаклы
Исеть
Искья
Исландия
Исмаил
Испания
Иссык-Куль
Истра
Италия
ИТК
ИФНС
Ишимбай
Ишим
Ия
Йемен
Йоль
Йошкар-Ола
Йыхви
Кабардино-Балкария
Кабачи
Каблуково
Кабмин
Кавказ
Кадиллак
Кадый
Казань
Казахстан
Казимира
Казимир
Казым-Мыс
Каинкуль
Кайкос
Кайманов
Калахари
Калининград
Калиновка
Калифорния
Каллисто
Калуга
Калязин
КАМАЗ
Кама
Каменец-Подольский
Камень-Рыболов
Камерун
Камешково
Камилла
Камиль
Камчатка
Камыш-заря
Камышин
Камышла
Канада
Канака
Канары
Кангалассы
Канзас
Канны
Карабашмедь
Карабаш
Караганда
Каракас
Карата
Карачаево-Черкессия
Карачи
Карелия
Карен
Карен
Карен
Карибы
Карлос
Карло
Карл
Кармен
Кармен
Каролина
Карпаты
Карпогоры
Карп
Карсы
Картахенского
Касли
Каспийск
Кася
Катав-ивановск
Каталония
Катангли
Катарина
Катерина
Катовице
Катрин
Катунки
Кахетия
Кацивели
Кача
Качканар
Кашары
Квебек
Кевин
Кейкос
Кейн
Кейт
Келли
Кембридж
Кемерово
Кенай
Кентербери
Кентукки
Кен
Керженец
Керкира
Керчь
Кесов
Кзыл-Орда
Киев
Кизел
Килемары
Кильмезь
Кимры
Ким
Ким
Кингисепп
Кинель-Черкассы
Кинешма
Кипр
Кира
Киргизия
Киргиз-Мияки
Киржач
Кирибати
Кирилл
Кириши
Кировград
Кирово-чепецк
Киров
Кисегач
Кисегач
Кисловодск
Китай-город
Китай
Кито
Кишинёв
Клава
Клавдий
Клавдия
Клайд
Клара
Клаудия
Клаус
Клеопатра
Клер
Клим
Клинт
Клинцы
Клэр
Ключи
Кобелячек
Кобулети
Ковент-Гарден
Ковров
Когалымавиа
Когалым
Козельщина
Коктебель
Колашин
Коломна
Колорадо
Колпны
Колумбия
Колумбус
Колывань
Коля
Ком-Омбо
Конго
Конг
Кондоль
Кондопога
Кондопога
Кондратий
Кондрат
Коннектикут
Конни
Конни
Конотоп
Конрад
Констанс
Константинополь
Константин
Констанца
Копейск
Кордова
Кореиз
Корея
Корней
Корнелий
Корнелиус
Корогод
Королёв
Короча
Корсика
Корсика
Корфу
Корфу
Коряжма
Косово
Коста-Рика
Кострома
Костя
Кот-д-Ивуар
Коттенем
Коувола
Кохма
Кош-Агач
Кошехабль
Кошице
Крайслер
Красногорск
Краснодар
Краснотурьинск
Красноярск
Кременчуг
Кристиан
Кристийна
Кристина
Кристин
Кристи
Кристофер
Крис
Крис
Кромы
Крым
Ксения
Кстово
Куала-Лумпур
Кубань
Куба
Кувейт
Кугеси
Кудымкар
Куеда
Кузьма
Куйбышев
Кулебаки
Кулевчи
Кумертау
Кумёны
Кунгур
Куньмин
Кунья
Курея
Курортное
Курск
Курт
Куса
Кутаиси
Кызыл-Орда
Кызыл
Кыргызстан
Кырджали
Кыштым
Кэндис
Кэролайн
Кэрол
Кэти
Кэти
Кэти
Кэтлин
Кэтрин
Кяхта
Лабытнанги
Лавр
Лагань
Лада
Ладога
Лазарь
Лана
Лантарь
Лаос
Лариса
Ларри
Лас-Вегас
Латвия
Лаура
Лаура
Лая
Леа
Лебедянь
Лев
Лейпциг
Лексус
Лена
Ленина
Ленинград
Лениногорск
Ленино
Леонардо
Леонард
Леона
Леонид
Леон
Леопольд
Лео
Лера
Лея
Лианна
Либерия
Ливадия
Ливерпуль
Ливия
Ливны
Лида
Лидия
Лиза
Лизетта
Лиз
Лика
Лилиан
Лилиан
Лилит
Лилия
Лиля
Лимасол
Лимассол
Лина
Линда
Линн
Липецк
Лира
Лиссабон
Литва
Литин
Лихтенштейн
Лия
Лобня
Лозовая
Лола
Лолита
Лондон-Бридж
Лондон
Лора
Лорен
Лорен
Лорето
Лори
Лори
Лос-Анджелес
Лувр
Луганск
Луга
Луиджи
Луиза
Луизиана
Луис
Луи
Лука
Лусия
Лысьва
Лыхны
Львов
Льгов
Льюис
Любань
Любань
Люба
Люберцы
Люблино
Любовь
Любомир
Любомль
Людвиг
Людмила
Люксембург
Люси
Люся
Мавритания
Магадан
Магда
Магнитогорск
Магомет
Мадагаскар
Мадейра
Мадлен
Мадонна
Мадрид
Майкл
Майкоп
Майкрософт
Майк
Майнц
Май
Майя
Макарска
Макар
Макарьев
Макдоналдс
Македония
Макеевка
Максим
Макс
Малави
Малага
Малайзия
Малибу
Мали
Малореченское
Мальвина
Мальдивы
Мальта
Манама
Маневичи
Манежка
Мануэль
Манхэттен
Манчестер
Маньчжурия
Маня
Мао
Марат
Марбелья
Марвин
Маргарет
Маргарита
Марго
Маргрета
Мардохей
Марек
Мариам
Марианна
Марина
Маринка
Марио
Мари
Мария
Марко
Маркс
Марк
Маркус
Марлен
Марлен
Марокко
Марсель
Марсов
Марс
Марта
Мартина
Мартинес
Мартин
Маруся
Марфа
Маршаллов
Мары
Марьям
Марьяна
Марья
Массандра
Массачусетс
Матаки
Матвей
Матильда
Матфей
Махачкала
Махмуд
Маша
Мглин
Меган
Мегион
Медея
Медынь
Межводное
Межгорье
Мезень
Мексика
Мелани
Мельбурн
Мемфис
Менатеп
Менкеря
Мери
Меркурий
Мерседес
Мефодий
Мехди
Мехико
Мец
Миасс
Мигия
Микки-Маус
Микки
Микола
Милан
Мила
Милочка
Миляуша
Минас-Жерайс
Мина
Минздравсоцразвития
Минздрав
Минкомсвязи
Минкомсвязь
Миннесота
Минск
Минусинск
Минэкономразвития
Мирон
Мирра
Миссисипи
Миссисипи
Миссури
Мисхор
Михаил
Михайлов
Михали
Мицубиси
Мицуо
Мичиган
Миша
Мишель
Могилёв
Модульбанк
Мозамбик
Моздок
Мозырь
Моисей
Мойнаки
Молдавия
Молдова
Молли
Молодечно
Монако
Монастырщина
Мона
Монголия
Моника
Монтана
Монтсеррат
Мордовия
Мориарти
Морис
Морки
Морское
Москва
Мосфилоти
Моше
Мста
Мстислав
Мумбаи
Мумбай
Мурат
Мурманск
Мурмаши
Муром
Мурта
Муса
Мухаммед
Мухоршибирь
МФУ
Мытищи
Мышкин
Мэн
Мэриленд
Мэри
Мэтью
Мюнхен
Нагасаки
Надежда
Надя
Назар
Назрань
Наиля
Найроби
Нальчик
Нана
Наполеон
Нарва
Наро-Фоминск
Нарьян-Мар
НАСА
Насреддин
Настасья
Натали
Натали
Наталья
Наташа
НАТО
Наум
Неаполь
Небраска
Невада
Нева
Невель
Невинномысск
Некрасовка
Нелли
Немиров
Немо
Непал
Нептун
Нерехта
Нерюнгри
Нестле
Нестор
Неукен
Нефтекамск
Нефтеюганск
Нечаевка
Нея
Нигерия
Нигер
Нидерланды
Нижневартовск
Нижнекамск
Нижнеудинск
Никандров
Никарагуа
Ника
Никита
Никита
Никита
Никифор
Никки
Николаевка
Николай
Никола
Николози
Николо-Погост
Никольский
Николь
Ник
Нил
Нилуфар
Нина
Нино
Ницца
Нова-Соль
Нова-Суль
Новгород
Новоазовск
Новоалтайск
Новогрудок
Новокузнецк
Новокуйбышевск
Новомосковск
Новоозёрное
Новороссийск
Новосибирск
Новоуральск
Новофёдоровка
Новочебоксарск
Новошахтинск
Ногинск
Ножай-юрт
Ной
Нолинск
Нора
Норвегия
Норильск
Нормандия
Норман
Норма
Норфолк
Ноттингем
Ноябрьск
Нудоль
Нурсултан
Нью-Гэмпшир
Нью-Джерси
Нью-Йорк
Ньюкасл
Нью-Мексико
Нэнси
Няндома
Облучье
Обнинск
Обоянь
Обь
Овадья
Огайо
Одесса
Одинцово
Одиссей
Одри
Ожерелье
Озёрск
Озёры
Ока
Океания
Оклахома
Оксана
Октавия
Олбани
Олег
Оленевка
Оливер
Оливия
Ольга
Ольгин
Ольховка
Оля
Оман
Омар
Омехи
Омка
Омск
Онега
Онотоле
Опель
Опочка
Оратов
Орда
Орджоникидзе
Ореанда
Орегон
Оренбург
Орёл
Орион
Орловщина
Орск
Орфей
Орша
Осака
Освальд
Осетия
Осип
Оскар
Оскар
Останкино
Остап
Остин
Остин
Острогожск
Отрадное
Отто
Оуэн
ОФСИН
Оха
Охта
Павел
Павлово-Посадский
Пакистан
Паланга
Палеахори
Палермо
Палестина
Паллада
Памир
Паоло
Папуа
Парабель
Париж
Парковое
Партенит
Патрик
Патриция
Паттая
Пат
Пауль
Паша
Пегги
Педро
Пежо
Пекин
Пелагея
Пенелопа
Пенза
Пенсильвания
Пентагон
Первоуральск
Перемышль
Переяслав-Хмельницкий
Пермь
Персия
Перу
Песочня
Песчаное
Петербург
Петергоф
Петер
Петра
Петроград
Петрозаводск
Петро
Петушки
Петька
Петя
Пёно
Пётр
Пиза
Пинья
Писаревка
Питер
Питкяранта
Пит
Пласт
Платон
Плевен
Плесецк
Плимут
Плутон
Пльзень
Подольск
Подпорожье
Полевской
Полина
Поль
Польша
Помокли
Пон-дю-Гар
Понизовка
Попельня
Поповка
Пополь-вух
Пореч
Порт-Артур
Португалия
Порфирий
Поставы
Почеп
Починки
Прага
Пра
Пресня
Прибайкалье
Прибалтика
Прибрежное
ПриватБанк
Приветное
Приволжск
Приднестровье
Приморский
Приобье
Приокск
Припять
Пристень
Прованс
Провидения
Прокопьевск
Прокофий
Прохор
Псков
Псковщина
Пульхерия
Пучеж
Пушкино
Пушкин
Пфальц
Пхеньян
Пхи-Пхи
Пхукет
Пыть-ях
Пышма
Пьеро
Пьер
Пэт
Пятигорск
Равиль
Рада
Раджа
Радищево
Радонеж
Раёк
Разиль
Раиса
Рай-Александровка
Раймонд
Ральф
Рамблер
Рамешки
Рамиль
Рамирес
Рамона
Расиля
Рауль
Рафаэль
Рахиль
Рашель
Рашид
Рая
Ребекка
Ревекка
Регина
Рейн
Рейчел
Рене
Рено
Реунион
Реутов
Ржев
Рига
Рико
Рик
Римантас
Рима
Рим
Рина
Рио-де-Жанейро
Рита
Ритфаль
Рифкат
Ричард
Ричмонд
Роберт
Робин
Роб
Ровеньки
Ровно
Род-Айленд
Роджер
Родион
Родники
Родя
Розалинда
Роза
Розмари
Рой
Роланда
Ролан
Роман
Ромео
Ромка
Ромны
Ромуальд
Рональд
Ронни
Рон
Росгидромет
Роскомнадзор
Роскосмос
Роснефть
Роспотребнадзор
Россия
Россотрудничество
Россошь
Росстат
Ростех
Ростислав
Ростов
Росток
Роуз
Руби
Рубцовск
Рудня
Рудольф
Руза
Рузиль
Румыния
Руслан
Русса
Русудан
Русь
Рута
Рут
Руфь
Рыбинск
Рэм
Рэнди
РЭС
Рюрик
Рязань
Саарбрюккен
Сабина
Савва
Савелий
Савёлки
Савонлинна
Саймон
Саки
Салават
Салерно
Салехард
Салли
Салоники
Саманта
Самара
Самсон
Самуил
Самуи
Сан-Антонио
Санаторное
Сан-Диего
Санди
Сандра
Сандро
Санкт-Петербург
Сан-Луис
Санни
Санта-Клаус
Сан-Томе
Сан-Франциско
Сан-Хосе
Сан-Хуан
Сараево
Саранск
Сарапул
Саратов
Сара
Саров
Сарыг-Сеп
Сатка
Сатпаев
Сатурн
Сахалин
Сахара
Саха
Саша
Саша
Саяногорск
Свазиленд
Свен
Светлана
свободно
Святогорье
Святополк
Святослава
Святослав
Себастьян
Севастополь
Сева
Северодвинск
Северск
Севилья
Седрик
Сейны
Селена
Селты
Сельма
Семаль
Семёна
Семён
Семиключье
Семилуки
Сенаки
Сена
Сенгилей
Сент-Катаринс
Сера
Серафима
Серафим
Сербия
Сергей
Сергиев-Посадский
Сергиев
Сергий
Сердар
Серёжа
Серик
Сернур
Серпухов
Сеул
Сибай
Сибирь
СИДиСР
Сидней
Сид
Сикачи-Алян
Сильва
Сильвестр
Сильвио
Сильвия
Симеиз
Симеон
Симона
Симон
Симферополь
Синай
Сингапур
Синтия
Сирия
Ситроен
Сиэтл
Скай
Скарлетт
Славик
Славянск
Сливен
Словакия
Словения
Смоленск
Смоленщина
Сморгонь
Снежинск
Снятын
Собинбанк
Сократ
Соликамск
Солнечногорское
Соловки
Соломон
Сольвычегодск
Соль-Илецк
Сольцы
Сомали
Соня
Сорбонна
Сорренто
Сосновка
Софи
Софи
Софият
София
Софрон
Софтлайн
Софья
Сочи
Спартак
Спарта
Спас-Клепики
Спасск-Рязанский
Спас-Угол
Спиридон
Сплит
Ставангер
Ставропольпромстройбанк
Ставрополь
Сталина
Сталинград
Стамбул
Станислав
Стародуб
Староласпа
Старощербиновская
Стейси
Стелла
Степанакерт
Степанида
Степан
Стерегущее
Стерлитамак
Стефани
Стефан
Стивен
Стив
Стокгольм
Стоунхендж
Страсбург
Стратфорд
Строймонтаж
Струги
Стрый
Сувалки
Судак
Судак
Судан
Судогда
Суздаль
Сулавеси
Султан
Сумы
Супрасль
Сургут
Сут-Хольский
Суть-Холь
Сухуми
США
Сызрань
Сыктывкар
Сьерра-Леоне
Сьюзан
Сьюзен
Сьюзи
Сью
Сэлли
Сэм
Сэнди
Сюзанна
Сюскюя
Тавда
Таганрог
Тагил
Тадеуш
Таджикистан
Таиланд
Таисия
Таити
Тайбэй
Тайвань
Тайланд
Таймс
Таймыр
Таллинн
Таллин
Тальхайм-Вельс
Тамара
Тамбов
Тандер-Бей
Танзания
Таня
Тарас
Тарту
Таруса
Татарстан
Татышлы
Татьяна
Тахтамукай
Ташкент
Тая
Тбилиси
Тверь
Тегеран
Тед
Тель-Авив
Тенгиз
Тенерифе
Теннесси
Теодоро
Теодор
Тереза
Терентий
Тернополь
Терри
Терри
Тетово
Тетюши
Техас
Тёркс
Тибет
Тигиль
Тиличики
Тиличики
Тимоти
Тимофей
Тим
Тимур
Тина
Тисаагтелек
Тисуль
Тит
Тихвин
Тихон
Тихорецк
Тобольск
Того
Тойла
Тойота
Токио
Тольятти
Толя
Томари
Томас
Тома
Томск
Тони
Тоора-Хем
Топки
Торжок
Торонто
Тосно
Тося
тот
Тракай
Трансаэро
Транснефть
Трёхгорный
Триполи
Три-Риверс
Три-Систерс
Тристан
Троицк
Трой
Тросна
Трофим
Троянка
Туапсе
Тува
Туймазы
Тула
Тулуза
Тульчин
Тунис
Тургояк
Турин
Туркменистан
Туркмения
Туркс
Туровец
Турция
Турья
Тутаев
Тушино
Тыва
Тывров
Тээли
Тюмень
Ува
Уве
Увильды
Уводь
Уганда
Углич
Угловое
Удмуртия
Ужгород
Узбекистан
Уилкания
Уилфрид
Уильям
УИН
УИН
УИС
Уитни
Уйское
Украина
Укрнафта
Улан-уде
Улан-Удэ
Ульяна
Ульяновск
Умань
Уна
Унеча
Уни
Уоллопс
Уолтер
Уппсала
Упсала
Уралвагонзавод
Уралмаш
Уралметаллургмонтаж
Урал
Урарту
Уренгой
Урень
Уржум
Урус-Мартан
Усолье
Уссурийск
Усть-Илимск
Усть-Уйск
Утёс
Утрехт
Утулик
Уфалей
Уфа
УФСИН
Ухта
Ухтохма
Учалы
Уч-Дере
Уэйн
Уэльс
Уютное
Фалёнки
Фатеж
Фатимат
Фауст
Феликс
Фелиция
Феодосий
Феодосия
Феофан
Фердинанд
Феруза
Фёдор
Фиат
Фигерас
Филадельфия
Филимон
Филиппа
Филиппины
Филиппов
Филипп
Филип
Филлипов
Филлис
Фил
Финляндия
Фиона
Флойд
Флора
Флоренция
Флорида
Фольксваген
Фома
Форд
Форос
Фотошоп
Франк
Франсуа
Франция
Франческа
Франческо
Фредерик
Фредерик
Фред
Фрида
Фридрих
Фриц
Фрол
Фрунзе
Фрэнк
ФСИН
Фурманов
Фьюджи
Хабаровск
Хаббл
Хайнань
Хайшат
Хакасия
Хактаныр
Хамовники
Ханкенди
Ханкенды
Ханна
Ханна
Ханты-Мансийский
Ханты-Мансийск
Ханья
Харабали
Харитон
Харманли
Харрис
Харьков
Хасавюрт
Хасан
Хейдок
Хейнявеси
Хелен
Хеллоуин
Хельмут
Хельсинки
Херенд
Херсонес
Херцег-Нови
Химки
Химли
Хинкли
Хову-Аксы
Ходжа
Хоккайдо
Хокли
Холли
Холм-Жирковский
Холсворти
Холуй
Хонда
Хонли
Хорватия
Хорли
Хосе
Хошимин
Христос
Хуан
Хуанхэ
Хуахин
Хьюго
Хьюстон
Хью
Хэллоуин
Хэрдфордшир
Хюндай
Цаган-Аман
ЦАР
Царьград
Цезарь
Центробанк
Цесис
Цеснабанк
Цна
ЦСКА
Цюрих
Чаа-Хольский
Чагандо
Чарли
Чарльз
часто
Часучей
Чебаркуль
Чебоксары
Чебурашка
Чегем
Челтнем
Челябинск
Ченстохова
Череповец
Черкассы
Черкесск
Чернигов
Черновцы
Черногория
Черноморское
Черусти
Чехия
Чехословакия
Чечено-Ингушетия
Чечня
Чикаго
Чикой
Чикола
Чили
Чита
Чишмы
Чувашия
Чугуев
Чукотка
Чулпан
Чулышман
Чусовой
Чухлома
Шагане
Шадринск
Шалва
Шали
Шамиль
Шанхай
Шапокляк
Шариф
Шарлотта
Шарль
Шарм-эль-Шейх
Шарья
Шатки
Шатура
Шаффхаузен
Шахты
Шахунья
Шацк
Шаян
Шведт
Швейцария
Шверин
Швеция
Шевроле
Шейла
Шелли
Шереметьево
Шерил
Шерлок
Шигоны
Шон
Шотландия
Шри-ланка
Штаты
Штормовое
Шумиха
Шуя
Шэрон
Щебетовка
Щёлкино
Щёлково
Щигры
Щучье
Ыб
Эбби
Эбола
Эвелин
Эверест
Эврика
Эгер
Эдвард
Эдвин
Эдгар
Эдди
Эдинбург
Эдит
Эдмунд
Эдуардо
Эдуард
Эйвон
Эквадор
Элвин
Электроугли
Элен
Элеонора
Элизабет
Элиза
Элиза
Элисон
Элиста
Элис
Элла
Эллен
Эллис
Элли
Элтон
Эльбрус
Эльвира
Эльза
Эльмира
Эль-Пасо
Эля
Эмбер
Эмили
Эмиль
Эмир
Эми
Эмма
Энгельс
Энди
Эндрю
Энергомаш
Энни
Энн
Энрико
Энтони
Эрика
Эриксон
Эрик
Эрин
Эрих
Эрнст
Эр-Рияд
Эртиль
Эстергом
Эстония
Эстосадок
Эсто-Садок
Эсфирь
Этан
Этномир
этот
Этьен
Эфиопия
Эшли
ЮАР
Ювяскюля
Югла
Югославия
Южа
Южно-Сахалинск
Юлиана
Юлиан
Юлий
Юлия
Юля
Юнистрим
Юнона
Юра
Юрга
Юрген
Юрий
Юрик
Юрла
Юрт-Уйск
Юрьев-польский
Юрьев-Польский
Юрья
Юрюзань
Юсуф
Юта
Ява
Ягандо
Ягодное
Ядвига
Яков
Якутия
Якутск
Якшур-бодья
Ялта
Ямайка
Ямало-Ненецк
Ямал
Яна
Яндекс
Ян
Януш
Янцзы
Япония
Ярко
Ярополк
Ярослава
Ярославль
Ярослав
Яр-Сале
Яша
Яя
